// Jest Snapshot v1, https://goo.gl/fbAQLP

exports[`<Button /> renders empty 1`] = `
<button
  onClick={[Function]}
>
  Click me!
</button>
`;
